error: `deref` must return a reference type

  = note: found `()`

 --> $DIR/no_return_on_deref.rs:7:1
  |
7 | fn deref(lhs: &X) {
  | ^^^^^^^^^^^^^^^^^
